// Jest Snapshot v1, https://goo.gl/fbAQLP

exports[`<ArticleList /> renders 1`] = `
<div
  className={undefined}
>
  <h4>
    Article List
  </h4>
  <ul>
    <li>
      <a
        href="/ArticleInfo/1"
        onClick={[Function]}
      >
        Welly
      </a>
    </li>
  </ul>
</div>
`;
